---
http_interactions:
- request:
    method: post
    uri: https://api.stripe.com/v1/accounts
    body:
      encoding: UTF-8
      string: type=custom&requested_capabilities[0]=card_payments&requested_capabilities[1]=transfers&country=US&default_currency=usd&metadata[user_id]=373240471378&metadata[tos_agreement_id]=Au7l5lr-mvvVqFhncj1JRA%3D%3D&metadata[user_compliance_info_id]=MkfjiTjE9B26ZMuupCv-Vw%3D%3D&metadata[bank_account_id]=t4GjNMvOkXTKIYuw2V9C8g%3D%3D&tos_acceptance[date]=1427846400&tos_acceptance[ip]=54.234.242.13&business_type=company&business_profile[name]=Buy+More%2C+LLC&business_profile[url]=https%3A%2F%2Fvipul.gumroad.com%2F&business_profile[product_description]=Buy+More%2C+LLC&company[name]=Buy+More%2C+LLC&company[address][line1]=address_full_match&company[address][city]=Burbank&company[address][state]=California&company[address][postal_code]=91506&company[address][country]=US&company[tax_id]=000000000&company[phone]=0000000000&company[directors_provided]=true&company[executives_provided]=true&company[structure]=sole_proprietorship&bank_account[country]=US&bank_account[currency]=usd&bank_account[account_number]=000<STRONGBOX_GENERAL_PASSWORD>56789&bank_account[routing_number]=110000000&settings[payouts][schedule][interval]=manual&settings[payouts][debit_negative_balances]=true
    headers:
      User-Agent:
      - Stripe/v1 RubyBindings/12.5.0
      Authorization:
      - Bearer <STRIPE_API_KEY>
      Content-Type:
      - application/x-www-form-urlencoded
      Idempotency-Key:
      - 60c76604-b659-4b99-8bfd-45be3e1e8194
      Stripe-Version:
      - '2023-10-16'
      X-Stripe-Client-User-Agent:
      - '{"bindings_version":"12.5.0","lang":"ruby","lang_version":"3.4.3 p32 (2025-04-14)","platform":"arm64-darwin25","engine":"ruby","publisher":"stripe","uname":"Darwin
        gpianaMacBook-Pro 25.2.0 Darwin Kernel Version 25.2.0: Tue Nov 18 21:07:05
        PST 2025; root:xnu-12377.61.12~1/RELEASE_ARM64_T6020 arm64","hostname":"gpianaMacBook-Pro"}'
      Accept-Encoding:
      - gzip;q=1.0,deflate;q=0.6,identity;q=0.3
      Accept:
      - "*/*"
  response:
    status:
      code: 200
      message: OK
    headers:
      Server:
      - nginx
      Date:
      - Tue, 13 Jan 2026 15:17:09 GMT
      Content-Type:
      - application/json
      Content-Length:
      - '6317'
      Connection:
      - keep-alive
      Access-Control-Allow-Credentials:
      - 'true'
      Access-Control-Allow-Methods:
      - GET, HEAD, PUT, PATCH, POST, DELETE
      Access-Control-Allow-Origin:
      - "*"
      Access-Control-Expose-Headers:
      - Request-Id, Stripe-Manage-Version, Stripe-Should-Retry, X-Stripe-External-Auth-Required,
        X-Stripe-Privileged-Session-Required
      Access-Control-Max-Age:
      - '300'
      Cache-Control:
      - no-cache, no-store
      Content-Security-Policy:
      - base-uri 'none'; default-src 'none'; form-action 'none'; frame-ancestors 'none';
        img-src 'self'; script-src 'self' 'report-sample'; style-src 'self'; worker-src
        'none'; upgrade-insecure-requests; report-uri https://q.stripe.com/csp-violation?q=RcgZfu8uBoiJJLJGo4_q_NGMnbtmr75Mzq8zhplKqda7BbgJL81CyjKWP-VwEe_UjIPTJ0KFoEGq88jS
      Idempotency-Key:
      - 60c76604-b659-4b99-8bfd-45be3e1e8194
      Original-Request:
      - req_154o8qzaiPu2cI
      Request-Id:
      - req_154o8qzaiPu2cI
      Stripe-Should-Retry:
      - 'false'
      Stripe-Version:
      - '2023-10-16'
      Vary:
      - Origin
      X-Stripe-Priority-Routing-Enabled:
      - 'true'
      X-Stripe-Routing-Context-Priority-Tier:
      - api-testmode
      X-Wc:
      - ABGHIJ
      Strict-Transport-Security:
      - max-age=63072000; includeSubDomains; preload
    body:
      encoding: UTF-8
      string: |-
        {
          "id": "acct_1Sp9LCIcyoWOzl7b",
          "object": "account",
          "business_profile": {
            "annual_revenue": null,
            "estimated_worker_count": null,
            "mcc": null,
            "minority_owned_business_designation": null,
            "name": "Buy More, LLC",
            "product_description": "Buy More, LLC",
            "specified_commercial_transactions_act_url": null,
            "support_address": null,
            "support_email": null,
            "support_phone": null,
            "support_url": null,
            "url": "https://vipul.gumroad.com/"
          },
          "business_type": "company",
          "capabilities": {
            "card_payments": "inactive",
            "transfers": "inactive"
          },
          "charges_enabled": false,
          "company": {
            "address": {
              "city": "Burbank",
              "country": "US",
              "line1": "address_full_match",
              "line2": null,
              "postal_code": "91506",
              "state": "California"
            },
            "directors_provided": true,
            "executives_provided": true,
            "name": "Buy More, LLC",
            "owners_provided": false,
            "phone": "0000000000",
            "structure": "sole_proprietorship",
            "tax_id_provided": true,
            "verification": {
              "document": {
                "back": null,
                "details": null,
                "details_code": null,
                "front": null
              }
            }
          },
          "controller": {
            "fees": {
              "payer": "application_custom"
            },
            "is_controller": true,
            "losses": {
              "payments": "application"
            },
            "requirement_collection": "application",
            "stripe_dashboard": {
              "type": "none"
            },
            "type": "application"
          },
          "country": "US",
          "created": 1768317427,
          "default_currency": "usd",
          "details_submitted": false,
          "email": null,
          "external_accounts": {
            "object": "list",
            "data": [
              {
                "id": "ba_1Sp9LCIcyoWOzl7bwL5ozUq5",
                "object": "bank_account",
                "account": "acct_1Sp9LCIcyoWOzl7b",
                "account_holder_name": null,
                "account_holder_type": null,
                "account_type": null,
                "available_payout_methods": [
                  "standard",
                  "instant"
                ],
                "bank_name": "STRIPE TEST BANK",
                "country": "US",
                "currency": "usd",
                "default_for_currency": true,
                "fingerprint": "l0OxwqZbI4t8wVSU",
                "future_requirements": {
                  "currently_due": [],
                  "errors": [],
                  "past_due": [],
                  "pending_verification": []
                },
                "last4": "6789",
                "metadata": {},
                "requirements": {
                  "currently_due": [],
                  "errors": [],
                  "past_due": [],
                  "pending_verification": []
                },
                "routing_number": "110000000",
                "status": "new"
              }
            ],
            "has_more": false,
            "total_count": 1,
            "url": "/v1/accounts/acct_1Sp9LCIcyoWOzl7b/external_accounts"
          },
          "future_requirements": {
            "alternatives": [],
            "current_deadline": null,
            "currently_due": [],
            "disabled_reason": null,
            "errors": [],
            "eventually_due": [],
            "past_due": [],
            "pending_verification": []
          },
          "metadata": {
            "bank_account_id": "t4GjNMvOkXTKIYuw2V9C8g==",
            "tos_agreement_id": "Au7l5lr-mvvVqFhncj1JRA==",
            "user_compliance_info_id": "MkfjiTjE9B26ZMuupCv-Vw==",
            "user_id": "373240471378"
          },
          "payouts_enabled": false,
          "requirements": {
            "alternatives": [],
            "current_deadline": null,
            "currently_due": [
              "business_profile.mcc",
              "representative.address.city",
              "representative.address.line1",
              "representative.address.postal_code",
              "representative.address.state",
              "representative.dob.day",
              "representative.dob.month",
              "representative.dob.year",
              "representative.email",
              "representative.first_name",
              "representative.last_name",
              "representative.phone",
              "representative.ssn_last_4"
            ],
            "disabled_reason": "requirements.past_due",
            "errors": [],
            "eventually_due": [
              "business_profile.mcc",
              "representative.address.city",
              "representative.address.line1",
              "representative.address.postal_code",
              "representative.address.state",
              "representative.dob.day",
              "representative.dob.month",
              "representative.dob.year",
              "representative.email",
              "representative.first_name",
              "representative.last_name",
              "representative.phone",
              "representative.ssn_last_4"
            ],
            "past_due": [
              "business_profile.mcc",
              "representative.address.city",
              "representative.address.line1",
              "representative.address.postal_code",
              "representative.address.state",
              "representative.dob.day",
              "representative.dob.month",
              "representative.dob.year",
              "representative.email",
              "representative.first_name",
              "representative.last_name",
              "representative.phone",
              "representative.ssn_last_4"
            ],
            "pending_verification": [
              "company.address.city",
              "company.address.line1",
              "company.address.postal_code",
              "company.address.state",
              "company.tax_id"
            ]
          },
          "settings": {
            "bacs_debit_payments": {
              "display_name": null,
              "service_user_number": null
            },
            "branding": {
              "icon": null,
              "logo": null,
              "primary_color": null,
              "secondary_color": null
            },
            "card_issuing": {
              "tos_acceptance": {
                "date": null,
                "ip": null
              }
            },
            "card_payments": {
              "decline_on": {
                "avs_failure": false,
                "cvc_failure": false
              },
              "statement_descriptor_prefix": "BUY MORE,",
              "statement_descriptor_prefix_kana": null,
              "statement_descriptor_prefix_kanji": null
            },
            "dashboard": {
              "display_name": "Buy More, LLC",
              "timezone": "Etc/UTC"
            },
            "invoices": {
              "default_account_tax_ids": null,
              "hosted_payment_method_save": "offer"
            },
            "payments": {
              "statement_descriptor": "BUY MORE, LLC",
              "statement_descriptor_kana": null,
              "statement_descriptor_kanji": null
            },
            "payouts": {
              "debit_negative_balances": true,
              "schedule": {
                "delay_days": 2,
                "interval": "manual"
              },
              "statement_descriptor": null
            },
            "paypay_payments": {},
            "sepa_debit_payments": {}
          },
          "tos_acceptance": {
            "date": 1427846400,
            "ip": "54.234.242.13",
            "user_agent": null
          },
          "type": "custom"
        }
  recorded_at: Tue, 13 Jan 2026 15:17:09 GMT
- request:
    method: post
    uri: https://api.stripe.com/v1/accounts/acct_1Sp9LCIcyoWOzl7b/persons
    body:
      encoding: UTF-8
      string: first_name=Chuck&last_name=Bartowski&email=chuck%40gum.com&phone=0000000000&dob[day]=1&dob[month]=1&dob[year]=1901&address[line1]=address_full_match&address[city]=San+Francisco&address[state]=California&address[postal_code]=94107&address[country]=US&id_number=000000000&relationship[representative]=true&relationship[owner]=true&relationship[title]=CEO&relationship[percent_ownership]=100
    headers:
      User-Agent:
      - Stripe/v1 RubyBindings/12.5.0
      Authorization:
      - Bearer <STRIPE_API_KEY>
      Content-Type:
      - application/x-www-form-urlencoded
      X-Stripe-Client-Telemetry:
      - '{"last_request_metrics":{"request_id":"req_154o8qzaiPu2cI","request_duration_ms":4459}}'
      Idempotency-Key:
      - 0c28bf29-c524-4163-a188-e4fb765c3e5e
      Stripe-Version:
      - '2023-10-16'
      X-Stripe-Client-User-Agent:
      - '{"bindings_version":"12.5.0","lang":"ruby","lang_version":"3.4.3 p32 (2025-04-14)","platform":"arm64-darwin25","engine":"ruby","publisher":"stripe","uname":"Darwin
        gpianaMacBook-Pro 25.2.0 Darwin Kernel Version 25.2.0: Tue Nov 18 21:07:05
        PST 2025; root:xnu-12377.61.12~1/RELEASE_ARM64_T6020 arm64","hostname":"gpianaMacBook-Pro"}'
      Accept-Encoding:
      - gzip;q=1.0,deflate;q=0.6,identity;q=0.3
      Accept:
      - "*/*"
  response:
    status:
      code: 200
      message: OK
    headers:
      Server:
      - nginx
      Date:
      - Tue, 13 Jan 2026 15:17:12 GMT
      Content-Type:
      - application/json
      Content-Length:
      - '1723'
      Connection:
      - keep-alive
      Access-Control-Allow-Credentials:
      - 'true'
      Access-Control-Allow-Methods:
      - GET, HEAD, PUT, PATCH, POST, DELETE
      Access-Control-Allow-Origin:
      - "*"
      Access-Control-Expose-Headers:
      - Request-Id, Stripe-Manage-Version, Stripe-Should-Retry, X-Stripe-External-Auth-Required,
        X-Stripe-Privileged-Session-Required
      Access-Control-Max-Age:
      - '300'
      Cache-Control:
      - no-cache, no-store
      Content-Security-Policy:
      - base-uri 'none'; default-src 'none'; form-action 'none'; frame-ancestors 'none';
        img-src 'self'; script-src 'self' 'report-sample'; style-src 'self'; worker-src
        'none'; upgrade-insecure-requests; report-uri https://q.stripe.com/csp-violation?q=7JZULHfmt1eLG-MH5HHcdBDwaF6WDk1Oh-OupVUzMwLM7UcLaIn2zF9Aau07_9xZ3rYUNIqB3YyqcT2R
      Idempotency-Key:
      - 0c28bf29-c524-4163-a188-e4fb765c3e5e
      Original-Request:
      - req_wcR3Zl9RK1spoF
      Request-Id:
      - req_wcR3Zl9RK1spoF
      Stripe-Account:
      - acct_1Sp9LCIcyoWOzl7b
      Stripe-Should-Retry:
      - 'false'
      Stripe-Version:
      - '2023-10-16'
      Vary:
      - Origin
      X-Stripe-Priority-Routing-Enabled:
      - 'true'
      X-Stripe-Routing-Context-Priority-Tier:
      - api-testmode
      X-Wc:
      - ABGHIJ
      Strict-Transport-Security:
      - max-age=63072000; includeSubDomains; preload
    body:
      encoding: UTF-8
      string: |-
        {
          "id": "person_1Sp9LGIcyoWOzl7bYXy768S9",
          "object": "person",
          "account": "acct_1Sp9LCIcyoWOzl7b",
          "additional_tos_acceptances": {
            "account": {
              "date": null,
              "ip": null,
              "user_agent": null
            }
          },
          "address": {
            "city": "San Francisco",
            "country": "US",
            "line1": "address_full_match",
            "line2": null,
            "postal_code": "94107",
            "state": "California"
          },
          "created": 1768317431,
          "dob": {
            "day": 1,
            "month": 1,
            "year": 1901
          },
          "email": "chuck@gum.com",
          "first_name": "Chuck",
          "future_requirements": {
            "alternatives": [],
            "currently_due": [],
            "errors": [],
            "eventually_due": [],
            "past_due": [],
            "pending_verification": []
          },
          "id_number_provided": true,
          "last_name": "Bartowski",
          "metadata": {},
          "phone": "+10000000000",
          "relationship": {
            "authorizer": false,
            "director": false,
            "executive": false,
            "legal_guardian": false,
            "owner": true,
            "percent_ownership": 100.0,
            "representative": true,
            "title": "CEO"
          },
          "requirements": {
            "alternatives": [],
            "currently_due": [],
            "errors": [],
            "eventually_due": [],
            "past_due": [],
            "pending_verification": [
              "address.city",
              "address.line1",
              "address.postal_code",
              "address.state",
              "verification.document"
            ]
          },
          "ssn_last_4_provided": true,
          "verification": {
            "additional_document": {
              "back": null,
              "details": null,
              "details_code": null,
              "front": null
            },
            "details": null,
            "details_code": null,
            "document": {
              "back": null,
              "details": null,
              "details_code": null,
              "front": null
            },
            "status": "pending"
          }
        }
  recorded_at: Tue, 13 Jan 2026 15:17:12 GMT
- request:
    method: get
    uri: https://api.stripe.com/v1/accounts/acct_1Sp9LCIcyoWOzl7b
    body:
      encoding: US-ASCII
      string: ''
    headers:
      User-Agent:
      - Stripe/v1 RubyBindings/12.5.0
      Authorization:
      - Bearer <STRIPE_API_KEY>
      Content-Type:
      - application/x-www-form-urlencoded
      X-Stripe-Client-Telemetry:
      - '{"last_request_metrics":{"request_id":"req_wcR3Zl9RK1spoF","request_duration_ms":2335}}'
      Stripe-Version:
      - '2023-10-16'
      X-Stripe-Client-User-Agent:
      - '{"bindings_version":"12.5.0","lang":"ruby","lang_version":"3.4.3 p32 (2025-04-14)","platform":"arm64-darwin25","engine":"ruby","publisher":"stripe","uname":"Darwin
        gpianaMacBook-Pro 25.2.0 Darwin Kernel Version 25.2.0: Tue Nov 18 21:07:05
        PST 2025; root:xnu-12377.61.12~1/RELEASE_ARM64_T6020 arm64","hostname":"gpianaMacBook-Pro"}'
      Accept-Encoding:
      - gzip;q=1.0,deflate;q=0.6,identity;q=0.3
      Accept:
      - "*/*"
  response:
    status:
      code: 200
      message: OK
    headers:
      Server:
      - nginx
      Date:
      - Tue, 13 Jan 2026 15:17:12 GMT
      Content-Type:
      - application/json
      Content-Length:
      - '5345'
      Connection:
      - keep-alive
      Access-Control-Allow-Credentials:
      - 'true'
      Access-Control-Allow-Methods:
      - GET, HEAD, PUT, PATCH, POST, DELETE
      Access-Control-Allow-Origin:
      - "*"
      Access-Control-Expose-Headers:
      - Request-Id, Stripe-Manage-Version, Stripe-Should-Retry, X-Stripe-External-Auth-Required,
        X-Stripe-Privileged-Session-Required
      Access-Control-Max-Age:
      - '300'
      Cache-Control:
      - no-cache, no-store
      Content-Security-Policy:
      - base-uri 'none'; default-src 'none'; form-action 'none'; frame-ancestors 'none';
        img-src 'self'; script-src 'self' 'report-sample'; style-src 'self'; worker-src
        'none'; upgrade-insecure-requests; report-uri https://q.stripe.com/csp-violation?q=7JZULHfmt1eLG-MH5HHcdBDwaF6WDk1Oh-OupVUzMwLM7UcLaIn2zF9Aau07_9xZ3rYUNIqB3YyqcT2R
      Request-Id:
      - req_67QhmhvVKoM9zD
      Stripe-Account:
      - acct_1Sp9LCIcyoWOzl7b
      Stripe-Version:
      - '2023-10-16'
      Vary:
      - Origin
      X-Stripe-Priority-Routing-Enabled:
      - 'true'
      X-Stripe-Routing-Context-Priority-Tier:
      - api-testmode
      X-Wc:
      - ABGHIJ
      Strict-Transport-Security:
      - max-age=63072000; includeSubDomains; preload
    body:
      encoding: UTF-8
      string: |-
        {
          "id": "acct_1Sp9LCIcyoWOzl7b",
          "object": "account",
          "business_profile": {
            "annual_revenue": null,
            "estimated_worker_count": null,
            "mcc": null,
            "minority_owned_business_designation": null,
            "name": "Buy More, LLC",
            "product_description": "Buy More, LLC",
            "specified_commercial_transactions_act_url": null,
            "support_address": null,
            "support_email": null,
            "support_phone": null,
            "support_url": null,
            "url": "https://vipul.gumroad.com/"
          },
          "business_type": "company",
          "capabilities": {
            "card_payments": "inactive",
            "transfers": "inactive"
          },
          "charges_enabled": false,
          "company": {
            "address": {
              "city": "Burbank",
              "country": "US",
              "line1": "address_full_match",
              "line2": null,
              "postal_code": "91506",
              "state": "California"
            },
            "directors_provided": true,
            "executives_provided": true,
            "name": "Buy More, LLC",
            "owners_provided": false,
            "phone": "0000000000",
            "structure": "sole_proprietorship",
            "tax_id_provided": true,
            "verification": {
              "document": {
                "back": null,
                "details": null,
                "details_code": null,
                "front": null
              }
            }
          },
          "controller": {
            "fees": {
              "payer": "application_custom"
            },
            "is_controller": true,
            "losses": {
              "payments": "application"
            },
            "requirement_collection": "application",
            "stripe_dashboard": {
              "type": "none"
            },
            "type": "application"
          },
          "country": "US",
          "created": 1768317427,
          "default_currency": "usd",
          "details_submitted": false,
          "email": null,
          "external_accounts": {
            "object": "list",
            "data": [
              {
                "id": "ba_1Sp9LCIcyoWOzl7bwL5ozUq5",
                "object": "bank_account",
                "account": "acct_1Sp9LCIcyoWOzl7b",
                "account_holder_name": null,
                "account_holder_type": null,
                "account_type": null,
                "available_payout_methods": [
                  "standard",
                  "instant"
                ],
                "bank_name": "STRIPE TEST BANK",
                "country": "US",
                "currency": "usd",
                "default_for_currency": true,
                "fingerprint": "l0OxwqZbI4t8wVSU",
                "future_requirements": {
                  "currently_due": [],
                  "errors": [],
                  "past_due": [],
                  "pending_verification": []
                },
                "last4": "6789",
                "metadata": {},
                "requirements": {
                  "currently_due": [],
                  "errors": [],
                  "past_due": [],
                  "pending_verification": []
                },
                "routing_number": "110000000",
                "status": "new"
              }
            ],
            "has_more": false,
            "total_count": 1,
            "url": "/v1/accounts/acct_1Sp9LCIcyoWOzl7b/external_accounts"
          },
          "future_requirements": {
            "alternatives": [],
            "current_deadline": null,
            "currently_due": [],
            "disabled_reason": null,
            "errors": [],
            "eventually_due": [],
            "past_due": [],
            "pending_verification": []
          },
          "metadata": {
            "bank_account_id": "t4GjNMvOkXTKIYuw2V9C8g==",
            "tos_agreement_id": "Au7l5lr-mvvVqFhncj1JRA==",
            "user_compliance_info_id": "MkfjiTjE9B26ZMuupCv-Vw==",
            "user_id": "373240471378"
          },
          "payouts_enabled": false,
          "requirements": {
            "alternatives": [],
            "current_deadline": null,
            "currently_due": [
              "business_profile.mcc"
            ],
            "disabled_reason": "requirements.past_due",
            "errors": [],
            "eventually_due": [
              "business_profile.mcc"
            ],
            "past_due": [
              "business_profile.mcc"
            ],
            "pending_verification": [
              "company.address.city",
              "company.address.line1",
              "company.address.postal_code",
              "company.address.state",
              "company.tax_id",
              "person_1Sp9LGIcyoWOzl7bYXy768S9.address.city",
              "person_1Sp9LGIcyoWOzl7bYXy768S9.address.line1",
              "person_1Sp9LGIcyoWOzl7bYXy768S9.address.postal_code",
              "person_1Sp9LGIcyoWOzl7bYXy768S9.address.state",
              "person_1Sp9LGIcyoWOzl7bYXy768S9.verification.document"
            ]
          },
          "settings": {
            "bacs_debit_payments": {
              "display_name": null,
              "service_user_number": null
            },
            "branding": {
              "icon": null,
              "logo": null,
              "primary_color": null,
              "secondary_color": null
            },
            "card_issuing": {
              "tos_acceptance": {
                "date": null,
                "ip": null
              }
            },
            "card_payments": {
              "decline_on": {
                "avs_failure": false,
                "cvc_failure": false
              },
              "statement_descriptor_prefix": "BUY MORE,",
              "statement_descriptor_prefix_kana": null,
              "statement_descriptor_prefix_kanji": null
            },
            "dashboard": {
              "display_name": "Buy More, LLC",
              "timezone": "Etc/UTC"
            },
            "invoices": {
              "default_account_tax_ids": null,
              "hosted_payment_method_save": "offer"
            },
            "payments": {
              "statement_descriptor": "BUY MORE, LLC",
              "statement_descriptor_kana": null,
              "statement_descriptor_kanji": null
            },
            "payouts": {
              "debit_negative_balances": true,
              "schedule": {
                "delay_days": 2,
                "interval": "manual"
              },
              "statement_descriptor": null
            },
            "paypay_payments": {},
            "sepa_debit_payments": {}
          },
          "tos_acceptance": {
            "date": 1427846400,
            "ip": "54.234.242.13",
            "user_agent": null
          },
          "type": "custom"
        }
  recorded_at: Tue, 13 Jan 2026 15:17:13 GMT
recorded_with: VCR 6.2.0
